11:28:20 **** Incremental Build of configuration Debug for project LM75_test ****
make -j4 all 
Building file: ../src/main.c
Invoking: MCU GCC Compiler
D:\GIT\GitHub\STM32_I2C_LM75\LM75_test\Debug
arm-none-eabi-gcc -mcpu=cortex-m3 -mthumb -mfloat-abi=soft -DSTM32 -DSTM32F1 -DSTM32F103C8Tx -DDEBUG -DSTM32F10X_MD -DUSE_STDPERIPH_DRIVER -I"D:/GIT/GitHub/STM32_I2C_LM75/LM75_test/StdPeriph_Driver/inc" -I"D:/GIT/GitHub/STM32_I2C_LM75/LM75_test/inc" -I"D:/GIT/GitHub/STM32_I2C_LM75/LM75_test/CMSIS/device" -I"D:/GIT/GitHub/STM32_I2C_LM75/LM75_test/CMSIS/core" -O0 -g3 -Wall -fmessage-length=0 -ffunction-sections -c -MMD -MP -MF"src/main.d" -MT"src/main.o" -o "src/main.o" "../src/main.c"
../src/main.c: In function 'main':
../src/main.c:34:11: warning: unused variable 'value' [-Wunused-variable]
  uint16_t value;
           ^~~~~
Finished building: ../src/main.c
 
Building target: LM75_test.elf
Invoking: MCU GCC Linker
arm-none-eabi-gcc -mcpu=cortex-m3 -mthumb -mfloat-abi=soft -T"D:/GIT/GitHub/STM32_I2C_LM75/LM75_test/LinkerScript.ld" -Wl,-Map=output.map -Wl,--gc-sections -o "LM75_test.elf" @"objects.list"   -lm
Finished building target: LM75_test.elf
 
make --no-print-directory post-build
Generating binary and Printing size information:
arm-none-eabi-objcopy -O binary "LM75_test.elf" "LM75_test.bin"
arm-none-eabi-size "LM75_test.elf"
   text	   data	    bss	    dec	    hex	filename
   3488	   1104	   1092	   5684	   1634	LM75_test.elf
 
11:28:24 **** Incremental Build of configuration Debug for project LM75_test ****
make -j4 all 
make: Nothing to be done for 'all'.
